2026-08-02 04:00:06,795 [INFO] pipeline: ===== パイプライン開始: 2026-08-02 =====
2026-08-02 04:00:06,797 [INFO] pipeline: 2026-08-02 は日曜日 → スキップ
2026-08-02 06:30:06,702 [INFO] pipeline: ===== パイプライン開始: 2026-08-02 =====
2026-08-02 06:30:06,703 [INFO] pipeline: 2026-08-02 は日曜日 → スキップ
2026-08-02 12:00:06,733 [INFO] pipeline: ===== ニュース取得のみ実行: 2026-08-02 =====
2026-08-02 12:00:08,024 [INFO] generators.collectors.news_collector: Google News JP 経済: 14件取得
2026-08-02 12:00:08,842 [INFO] generators.collectors.news_collector: Google News JP 地政学: 15件取得
2026-08-02 12:00:09,580 [INFO] generators.collectors.news_collector: Google News EN 経済: 0件取得
2026-08-02 12:00:10,802 [INFO] generators.collectors.news_collector: Google News EN 地政学: 7件取得
2026-08-02 12:00:10,803 [INFO] generators.collectors.news_collector: Google News取得完了: 36件 → 重複除去後36件
2026-08-02 12:00:12,005 [INFO] generators.collectors.news_collector: NHK国際: 15件取得
2026-08-02 12:00:12,971 [INFO] generators.collectors.news_collector: BBC World: 15件取得
2026-08-02 12:00:13,566 [WARNING] generators.collectors.news_collector: RSS parse error for AP International: <unknown>:2:0: syntax error
2026-08-02 12:00:13,567 [INFO] generators.collectors.news_collector: 国際RSS取得完了: 30件 → 重複除去後30件
2026-08-02 12:00:13,567 [INFO] generators.collectors.news_collector: 全ニュース統合: 66件
2026-08-02 12:00:13,571 [INFO] generators.collectors.news_collector: ニュース保存: /Volumes/WD Blue SN500 2TB/projects/investing/market-briefing/data/news/2026-08-02.json (0件既存 + 66件追加 = 66件)
2026-08-02 12:00:13,572 [INFO] pipeline: ニュース取得・保存完了: 66件
2026-08-02 12:00:13,572 [INFO] pipeline: ===== ニュース取得完了 =====
2026-08-02 18:00:07,218 [INFO] pipeline: ===== ニュース取得のみ実行: 2026-08-02 =====
2026-08-02 18:00:08,815 [INFO] generators.collectors.news_collector: Google News JP 経済: 12件取得
2026-08-02 18:00:09,826 [INFO] generators.collectors.news_collector: Google News JP 地政学: 14件取得
2026-08-02 18:00:10,759 [INFO] generators.collectors.news_collector: Google News EN 経済: 0件取得
2026-08-02 18:00:11,777 [INFO] generators.collectors.news_collector: Google News EN 地政学: 4件取得
2026-08-02 18:00:11,777 [INFO] generators.collectors.news_collector: Google News取得完了: 30件 → 重複除去後30件
2026-08-02 18:00:13,346 [INFO] generators.collectors.news_collector: NHK国際: 15件取得
2026-08-02 18:00:14,381 [INFO] generators.collectors.news_collector: BBC World: 15件取得
2026-08-02 18:00:14,640 [WARNING] generators.collectors.news_collector: RSS parse error for AP International: <unknown>:2:0: syntax error
2026-08-02 18:00:14,640 [INFO] generators.collectors.news_collector: 国際RSS取得完了: 30件 → 重複除去後30件
2026-08-02 18:00:14,640 [INFO] generators.collectors.news_collector: 全ニュース統合: 60件
2026-08-02 18:00:14,644 [INFO] generators.collectors.news_collector: ニュース保存: /Volumes/WD Blue SN500 2TB/projects/investing/market-briefing/data/news/2026-08-02.json (66件既存 + 10件追加 = 76件)
2026-08-02 18:00:14,645 [INFO] pipeline: ニュース取得・保存完了: 76件
2026-08-02 18:00:14,645 [INFO] pipeline: ===== ニュース取得完了 =====
2026-08-02 23:00:07,858 [INFO] pipeline: ===== ニュース取得のみ実行: 2026-08-02 =====
2026-08-02 23:00:08,710 [INFO] generators.collectors.news_collector: Google News JP 経済: 12件取得
2026-08-02 23:00:09,423 [INFO] generators.collectors.news_collector: Google News JP 地政学: 14件取得
2026-08-02 23:00:10,228 [INFO] generators.collectors.news_collector: Google News EN 経済: 0件取得
2026-08-02 23:00:11,202 [INFO] generators.collectors.news_collector: Google News EN 地政学: 7件取得
2026-08-02 23:00:11,202 [INFO] generators.collectors.news_collector: Google News取得完了: 33件 → 重複除去後33件
2026-08-02 23:00:12,924 [INFO] generators.collectors.news_collector: NHK国際: 15件取得
2026-08-02 23:00:13,786 [INFO] generators.collectors.news_collector: BBC World: 15件取得
2026-08-02 23:00:14,285 [WARNING] generators.collectors.news_collector: RSS parse error for AP International: <unknown>:2:0: syntax error
2026-08-02 23:00:14,285 [INFO] generators.collectors.news_collector: 国際RSS取得完了: 30件 → 重複除去後30件
2026-08-02 23:00:14,285 [INFO] generators.collectors.news_collector: 全ニュース統合: 63件
2026-08-02 23:00:14,289 [INFO] generators.collectors.news_collector: ニュース保存: /Volumes/WD Blue SN500 2TB/projects/investing/market-briefing/data/news/2026-08-02.json (76件既存 + 17件追加 = 93件)
2026-08-02 23:00:14,290 [INFO] pipeline: ニュース取得・保存完了: 93件
2026-08-02 23:00:14,290 [INFO] pipeline: ===== ニュース取得完了 =====
