2026-08-16 04:00:03,815 [INFO] pipeline: ===== パイプライン開始: 2026-08-16 =====
2026-08-16 04:00:03,816 [INFO] pipeline: 2026-08-16 は日曜日 → スキップ
2026-08-16 06:30:06,750 [INFO] pipeline: ===== パイプライン開始: 2026-08-16 =====
2026-08-16 06:30:06,750 [INFO] pipeline: 2026-08-16 は日曜日 → スキップ
2026-08-16 12:00:08,984 [INFO] pipeline: ===== ニュース取得のみ実行: 2026-08-16 =====
2026-08-16 12:00:09,881 [INFO] generators.collectors.news_collector: Google News JP 経済: 9件取得
2026-08-16 12:00:11,131 [INFO] generators.collectors.news_collector: Google News JP 地政学: 15件取得
2026-08-16 12:00:11,851 [INFO] generators.collectors.news_collector: Google News EN 経済: 2件取得
2026-08-16 12:00:12,645 [INFO] generators.collectors.news_collector: Google News EN 地政学: 6件取得
2026-08-16 12:00:12,645 [INFO] generators.collectors.news_collector: Google News取得完了: 32件 → 重複除去後32件
2026-08-16 12:00:13,850 [INFO] generators.collectors.news_collector: NHK国際: 15件取得
2026-08-16 12:00:14,846 [INFO] generators.collectors.news_collector: BBC World: 15件取得
2026-08-16 12:00:15,339 [WARNING] generators.collectors.news_collector: RSS parse error for AP International: <unknown>:2:0: syntax error
2026-08-16 12:00:15,340 [INFO] generators.collectors.news_collector: 国際RSS取得完了: 30件 → 重複除去後30件
2026-08-16 12:00:15,340 [INFO] generators.collectors.news_collector: 全ニュース統合: 62件
2026-08-16 12:00:15,344 [INFO] generators.collectors.news_collector: ニュース保存: /Volumes/WD Blue SN500 2TB/projects/investing/market-briefing/data/news/2026-08-16.json (0件既存 + 62件追加 = 62件)
2026-08-16 12:00:15,345 [INFO] pipeline: ニュース取得・保存完了: 62件
2026-08-16 12:00:15,346 [INFO] pipeline: ===== ニュース取得完了 =====
2026-08-16 18:00:04,783 [INFO] pipeline: ===== ニュース取得のみ実行: 2026-08-16 =====
2026-08-16 18:00:05,654 [INFO] generators.collectors.news_collector: Google News JP 経済: 6件取得
2026-08-16 18:00:06,391 [INFO] generators.collectors.news_collector: Google News JP 地政学: 15件取得
2026-08-16 18:00:07,140 [INFO] generators.collectors.news_collector: Google News EN 経済: 0件取得
2026-08-16 18:00:07,974 [INFO] generators.collectors.news_collector: Google News EN 地政学: 6件取得
2026-08-16 18:00:07,975 [INFO] generators.collectors.news_collector: Google News取得完了: 27件 → 重複除去後27件
2026-08-16 18:00:09,571 [INFO] generators.collectors.news_collector: NHK国際: 15件取得
2026-08-16 18:00:10,577 [INFO] generators.collectors.news_collector: BBC World: 14件取得
2026-08-16 18:00:11,013 [WARNING] generators.collectors.news_collector: RSS parse error for AP International: <unknown>:2:0: syntax error
2026-08-16 18:00:11,014 [INFO] generators.collectors.news_collector: 国際RSS取得完了: 29件 → 重複除去後29件
2026-08-16 18:00:11,014 [INFO] generators.collectors.news_collector: 全ニュース統合: 56件
2026-08-16 18:00:11,021 [INFO] generators.collectors.news_collector: ニュース保存: /Volumes/WD Blue SN500 2TB/projects/investing/market-briefing/data/news/2026-08-16.json (62件既存 + 14件追加 = 76件)
2026-08-16 18:00:11,022 [INFO] pipeline: ニュース取得・保存完了: 76件
2026-08-16 18:00:11,023 [INFO] pipeline: ===== ニュース取得完了 =====
2026-08-16 23:00:06,891 [INFO] pipeline: ===== ニュース取得のみ実行: 2026-08-16 =====
2026-08-16 23:00:07,885 [INFO] generators.collectors.news_collector: Google News JP 経済: 6件取得
2026-08-16 23:00:08,666 [INFO] generators.collectors.news_collector: Google News JP 地政学: 11件取得
2026-08-16 23:00:09,462 [INFO] generators.collectors.news_collector: Google News EN 経済: 0件取得
2026-08-16 23:00:10,231 [INFO] generators.collectors.news_collector: Google News EN 地政学: 6件取得
2026-08-16 23:00:10,231 [INFO] generators.collectors.news_collector: Google News取得完了: 23件 → 重複除去後23件
2026-08-16 23:00:11,796 [INFO] generators.collectors.news_collector: NHK国際: 15件取得
2026-08-16 23:00:12,805 [INFO] generators.collectors.news_collector: BBC World: 15件取得
2026-08-16 23:00:13,327 [WARNING] generators.collectors.news_collector: RSS parse error for AP International: <unknown>:2:0: syntax error
2026-08-16 23:00:13,327 [INFO] generators.collectors.news_collector: 国際RSS取得完了: 30件 → 重複除去後30件
2026-08-16 23:00:13,327 [INFO] generators.collectors.news_collector: 全ニュース統合: 53件
2026-08-16 23:00:13,332 [INFO] generators.collectors.news_collector: ニュース保存: /Volumes/WD Blue SN500 2TB/projects/investing/market-briefing/data/news/2026-08-16.json (76件既存 + 19件追加 = 95件)
2026-08-16 23:00:13,334 [INFO] pipeline: ニュース取得・保存完了: 95件
2026-08-16 23:00:13,334 [INFO] pipeline: ===== ニュース取得完了 =====
